rayland-s: listening on 0.0.0.0:9412, rendering on /dev/dri/renderD128
rayland-s: C connected
rayland-s: WP0 replay connected to S's compositor (58 globals advertised)
rayland-s: WP0 replay bound `wl_compositor` v5 (app obj 3)
rayland-s: WP0 replay bound `wl_subcompositor` v1 (app obj 4)
rayland-s: WP0 replay bound `wl_output` v4 (app obj 5)
rayland-s: WP0 replay bound `zxdg_output_manager_v1` v3 (app obj 6)
rayland-s: WP0 replay bound `wl_seat` v7 (app obj 8)
rayland-s: WP0 replay bound `wp_fractional_scale_manager_v1` v1 (app obj 9)
rayland-s: WP0 replay bound `wp_viewporter` v1 (app obj 10)
rayland-s: WP0 replay bound `wl_shm` v1 (app obj 11)
rayland-s: WP0 replay bound `xdg_wm_base` v6 (app obj 13)
rayland-s: WP0 replay bound `zxdg_decoration_manager_v1` v1 (app obj 14)
rayland-s: WP0 replay bound `xdg_activation_v1` v1 (app obj 15)
rayland-s: WP0 replay bound `zwp_text_input_manager_v3` v1 (app obj 16)
rayland-s: WP0 replay bound `zwp_relative_pointer_manager_v1` v1 (app obj 17)
rayland-s: WP0 replay bound `zwp_pointer_constraints_v1` v1 (app obj 18)
rayland-s: WP0 replay: capping child `wl_surface` to v5 (the app asked for v6; S's `wl_compositor` is v5)
rayland-s: WP0 replay: capping child `wl_region` to v5 (the app asked for v6; S's `wl_compositor` is v5)
rayland-s: WP0 keymap: relaying 35582 bytes of keymap content (must match the event's size argument)
rayland-s: WP0 replay: capping child `wl_surface` to v5 (the app asked for v6; S's `wl_compositor` is v5)
rayland-s: WP0 replay bound `wp_cursor_shape_manager_v1` v1 (app obj 32)
rayland-s: WP0 replay: capping child `wl_region` to v5 (the app asked for v6; S's `wl_compositor` is v5)
rayland-s: WP0 replay bound `zwp_linux_dmabuf_v1` v3 (app obj 26)
rayland-s: WP0 replay bound `wp_presentation` v2 (app obj 37)
rayland-s: WP0 replay bound `zwp_linux_dmabuf_v1` v3 (app obj 37)
rayland-s: WP0 replay bound `wp_presentation` v2 (app obj 26)
rayland-s: WP0 replay bound `zwp_linux_dmabuf_v1` v3 (app obj 26)
rayland-s: WP0 replay bound `wp_presentation` v2 (app obj 37)
rayland-s: WP0 replay bound `zwp_linux_dmabuf_v1` v3 (app obj 37)
rayland-s: WP0 replay bound `wp_presentation` v2 (app obj 26)
rayland-s: WP0 replay bound `zwp_linux_dmabuf_v1` v3 (app obj 26)
rayland-s: WP0 replay bound `wp_presentation` v2 (app obj 37)
rayland-s: WP0 replay bound `zwp_linux_dmabuf_v1` v3 (app obj 37)
rayland-s: WP0 replay bound `wp_presentation` v2 (app obj 26)
rayland-s: WP0 replay bound `zwp_linux_dmabuf_v1` v3 (app obj 26)
rayland-s: WP0 replay bound `wp_presentation` v2 (app obj 37)
rayland-s: WP0 replay bound `zwp_linux_dmabuf_v1` v3 (app obj 37)
rayland-s: WP0 replay bound `wp_presentation` v2 (app obj 26)
rayland-s: WP0 replay bound `zwp_linux_dmabuf_v1` v3 (app obj 26)
rayland-s: WP0 replay bound `wp_presentation` v2 (app obj 37)
rayland-s: WP0 replay bound `zwp_linux_dmabuf_v1` v3 (app obj 37)
rayland-s: WP0 replay bound `wp_presentation` v2 (app obj 26)
rayland-s: WP0 replay bound `zwp_linux_dmabuf_v1` v3 (app obj 26)
rayland-s: WP0 replay bound `wp_presentation` v2 (app obj 37)
rayland-s: WP0 replay bound `zwp_linux_dmabuf_v1` v3 (app obj 37)
rayland-s: WP0 replay bound `wp_presentation` v2 (app obj 26)
rayland-s: WP0 replay bound `zwp_linux_dmabuf_v1` v3 (app obj 26)
rayland-s: WP0 replay bound `wp_presentation` v2 (app obj 37)
rayland-s: WP0 replay bound `zwp_linux_dmabuf_v1` v3 (app obj 37)
rayland-s: WP0 replay bound `wp_presentation` v2 (app obj 26)
rayland-s: WP0 replay bound `zwp_linux_dmabuf_v1` v3 (app obj 26)
rayland-s: WP0 replay bound `wp_presentation` v2 (app obj 37)
rayland-s: WP0 replay bound `zwp_linux_dmabuf_v1` v3 (app obj 37)
rayland-s: WP0 replay bound `wp_presentation` v2 (app obj 26)
rayland-s: WP0 4.3: bound S's own `zwp_linux_dmabuf_v1` v3 for buffer creation
rayland-s: WP0 4.3: built wl_buffer (app obj 53) from resource 5 (1408x880 fmt 0x34325258 offset 0 stride 5632 modifier 0x0)
rayland-s: WP0 4.3: built wl_buffer (app obj 55) from resource 6 (1408x880 fmt 0x34325258 offset 0 stride 5632 modifier 0x0)
rayland-s: WP0 4.3: built wl_buffer (app obj 57) from resource 7 (1408x880 fmt 0x34325258 offset 0 stride 5632 modifier 0x0)
rayland-s: WP0 4.3: built wl_buffer (app obj 59) from resource 8 (1408x880 fmt 0x34325258 offset 0 stride 5632 modifier 0x0)
rayland-s: WP0 replay bound `zwp_linux_dmabuf_v1` v3 (app obj 58)
rayland-s: WP0 replay bound `wp_presentation` v2 (app obj 56)
rayland-s: WP0 replay bound `zwp_linux_dmabuf_v1` v3 (app obj 56)
rayland-s: WP0 replay bound `wp_presentation` v2 (app obj 58)
rayland-s: WP0 replay bound `zwp_linux_dmabuf_v1` v3 (app obj 58)
rayland-s: WP0 replay bound `wp_presentation` v2 (app obj 56)
rayland-s: WP0 replay bound `zwp_linux_dmabuf_v1` v3 (app obj 56)
rayland-s: WP0 replay bound `wp_presentation` v2 (app obj 58)
rayland-s: WP0 4.3: built wl_buffer (app obj 63) from resource 9 (1408x880 fmt 0x34325258 offset 0 stride 5632 modifier 0x0)
rayland-s: WP0 4.3: built wl_buffer (app obj 65) from resource 10 (1408x880 fmt 0x34325258 offset 0 stride 5632 modifier 0x0)
rayland-s: WP0 4.3: built wl_buffer (app obj 67) from resource 11 (1408x880 fmt 0x34325258 offset 0 stride 5632 modifier 0x0)
rayland-s: WP0 4.3: built wl_buffer (app obj 69) from resource 12 (1408x880 fmt 0x34325258 offset 0 stride 5632 modifier 0x0)
rayland-s: WP0 replay: capping child `wl_callback` to v5 (the app asked for v6; S's `wl_surface` is v5)
rayland-s: WP0 replay: capping child `wl_region` to v5 (the app asked for v6; S's `wl_compositor` is v5)
rayland-s: WP0 replay bound `zwp_linux_dmabuf_v1` v3 (app obj 57)
rayland-s: WP0 replay bound `wp_presentation` v2 (app obj 68)
rayland-s: WP0 replay bound `zwp_linux_dmabuf_v1` v3 (app obj 68)
rayland-s: WP0 replay bound `wp_presentation` v2 (app obj 57)
rayland-s: WP0 replay bound `zwp_linux_dmabuf_v1` v3 (app obj 57)
rayland-s: WP0 replay bound `wp_presentation` v2 (app obj 68)
rayland-s: WP0 replay bound `zwp_linux_dmabuf_v1` v3 (app obj 68)
rayland-s: WP0 replay bound `wp_presentation` v2 (app obj 57)
rayland-s: WP0 replay: capping child `wl_callback` to v5 (the app asked for v6; S's `wl_surface` is v5)
rayland-s: WP0 4.3: built wl_buffer (app obj 58) from resource 13 (1408x880 fmt 0x34325258 offset 0 stride 5632 modifier 0x0)
rayland-s: WP0 4.3: built wl_buffer (app obj 70) from resource 14 (1408x880 fmt 0x34325258 offset 0 stride 5632 modifier 0x0)
rayland-s: WP0 4.3: built wl_buffer (app obj 72) from resource 15 (1408x880 fmt 0x34325258 offset 0 stride 5632 modifier 0x0)
rayland-s: WP0 4.3: built wl_buffer (app obj 74) from resource 16 (1408x880 fmt 0x34325258 offset 0 stride 5632 modifier 0x0)
rayland-s: WP0 replay: capping child `wl_callback` to v5 (the app asked for v6; S's `wl_surface` is v5)
rayland-s: WP0 replay: capping child `wl_callback` to v5 (the app asked for v6; S's `wl_surface` is v5)
rayland-s: WP0 replay: capping child `wl_callback` to v5 (the app asked for v6; S's `wl_surface` is v5)
rayland-s: WP0 replay: capping child `wl_callback` to v5 (the app asked for v6; S's `wl_surface` is v5)
rayland-s: WP0 replay: capping child `wl_callback` to v5 (the app asked for v6; S's `wl_surface` is v5)
rayland-s: WP0 replay: capping child `wl_callback` to v5 (the app asked for v6; S's `wl_surface` is v5)
rayland-s: WP0 replay: capping child `wl_callback` to v5 (the app asked for v6; S's `wl_surface` is v5)
rayland-s: WP0 replay: capping child `wl_callback` to v5 (the app asked for v6; S's `wl_surface` is v5)
rayland-s: WP0 replay: capping child `wl_callback` to v5 (the app asked for v6; S's `wl_surface` is v5)
rayland-s: WP0 replay: capping child `wl_callback` to v5 (the app asked for v6; S's `wl_surface` is v5)
rayland-s: WP0 replay: capping child `wl_callback` to v5 (the app asked for v6; S's `wl_surface` is v5)
rayland-s: WP0 replay: capping child `wl_callback` to v5 (the app asked for v6; S's `wl_surface` is v5)
rayland-s: WP0 replay: capping child `wl_callback` to v5 (the app asked for v6; S's `wl_surface` is v5)
rayland-s: WP0 replay: capping child `wl_callback` to v5 (the app asked for v6; S's `wl_surface` is v5)
rayland-s: WP0 replay: capping child `wl_callback` to v5 (the app asked for v6; S's `wl_surface` is v5)
rayland-s: WP0 replay: capping child `wl_callback` to v5 (the app asked for v6; S's `wl_surface` is v5)
rayland-s: WP0 replay: capping child `wl_callback` to v5 (the app asked for v6; S's `wl_surface` is v5)
rayland-s: WP0 replay: capping child `wl_callback` to v5 (the app asked for v6; S's `wl_surface` is v5)
rayland-s: WP0 replay: capping child `wl_callback` to v5 (the app asked for v6; S's `wl_surface` is v5)
rayland-s: WP0 replay: capping child `wl_callback` to v5 (the app asked for v6; S's `wl_surface` is v5)
rayland-s: WP0 replay: capping child `wl_callback` to v5 (the app asked for v6; S's `wl_surface` is v5)
rayland-s: WP0 replay: capping child `wl_callback` to v5 (the app asked for v6; S's `wl_surface` is v5)
rayland-s: WP0 replay: capping child `wl_callback` to v5 (the app asked for v6; S's `wl_surface` is v5)
rayland-s: WP0 replay: capping child `wl_callback` to v5 (the app asked for v6; S's `wl_surface` is v5)
rayland-s: WP0 replay: capping child `wl_callback` to v5 (the app asked for v6; S's `wl_surface` is v5)
rayland-s: WP0 replay: capping child `wl_callback` to v5 (the app asked for v6; S's `wl_surface` is v5)
rayland-s: WP0 replay: capping child `wl_callback` to v5 (the app asked for v6; S's `wl_surface` is v5)
rayland-s: WP0 replay: capping child `wl_callback` to v5 (the app asked for v6; S's `wl_surface` is v5)
rayland-s: WP0 replay: capping child `wl_callback` to v5 (the app asked for v6; S's `wl_surface` is v5)
rayland-s: WP0 replay: capping child `wl_callback` to v5 (the app asked for v6; S's `wl_surface` is v5)
rayland-s: WP0 replay: capping child `wl_callback` to v5 (the app asked for v6; S's `wl_surface` is v5)
rayland-s: WP0 replay: capping child `wl_callback` to v5 (the app asked for v6; S's `wl_surface` is v5)
rayland-s: WP0 replay: capping child `wl_callback` to v5 (the app asked for v6; S's `wl_surface` is v5)
rayland-s: WP0 replay: capping child `wl_callback` to v5 (the app asked for v6; S's `wl_surface` is v5)
rayland-s: WP0 replay: capping child `wl_callback` to v5 (the app asked for v6; S's `wl_surface` is v5)
rayland-s: WP0 replay: capping child `wl_callback` to v5 (the app asked for v6; S's `wl_surface` is v5)
rayland-s: WP0 replay: capping child `wl_callback` to v5 (the app asked for v6; S's `wl_surface` is v5)
rayland-s: WP0 replay: capping child `wl_callback` to v5 (the app asked for v6; S's `wl_surface` is v5)
rayland-s: WP0 replay: capping child `wl_callback` to v5 (the app asked for v6; S's `wl_surface` is v5)
rayland-s: WP0 replay: capping child `wl_callback` to v5 (the app asked for v6; S's `wl_surface` is v5)
rayland-s: WP0 replay: capping child `wl_callback` to v5 (the app asked for v6; S's `wl_surface` is v5)
rayland-s: WP0 replay: capping child `wl_callback` to v5 (the app asked for v6; S's `wl_surface` is v5)
rayland-s: WP0 replay: capping child `wl_callback` to v5 (the app asked for v6; S's `wl_surface` is v5)
rayland-s: WP0 replay: capping child `wl_callback` to v5 (the app asked for v6; S's `wl_surface` is v5)
rayland-s: WP0 replay: capping child `wl_callback` to v5 (the app asked for v6; S's `wl_surface` is v5)
rayland-s: WP0 replay: capping child `wl_callback` to v5 (the app asked for v6; S's `wl_surface` is v5)
rayland-s: WP0 replay: capping child `wl_callback` to v5 (the app asked for v6; S's `wl_surface` is v5)
rayland-s: WP0 replay: capping child `wl_callback` to v5 (the app asked for v6; S's `wl_surface` is v5)
rayland-s: WP0 replay: capping child `wl_region` to v5 (the app asked for v6; S's `wl_compositor` is v5)
rayland-s: WP0 replay: capping child `wl_region` to v5 (the app asked for v6; S's `wl_compositor` is v5)
rayland-s: WP0 replay: capping child `wl_region` to v5 (the app asked for v6; S's `wl_compositor` is v5)
rayland-s: WP0 replay bound `zwp_linux_dmabuf_v1` v3 (app obj 63)
rayland-s: WP0 replay bound `wp_presentation` v2 (app obj 65)
rayland-s: WP0 replay bound `zwp_linux_dmabuf_v1` v3 (app obj 65)
rayland-s: WP0 replay bound `wp_presentation` v2 (app obj 63)
rayland-s: WP0 replay bound `zwp_linux_dmabuf_v1` v3 (app obj 63)
rayland-s: WP0 replay bound `wp_presentation` v2 (app obj 65)
rayland-s: WP0 replay bound `zwp_linux_dmabuf_v1` v3 (app obj 65)
rayland-s: WP0 replay bound `wp_presentation` v2 (app obj 63)
rayland-s: WP0 replay: capping child `wl_callback` to v5 (the app asked for v6; S's `wl_surface` is v5)
rayland-s: WP0 4.3: built wl_buffer (app obj 59) from resource 17 (1838x1184 fmt 0x34325258 offset 0 stride 7352 modifier 0x0)
rayland-s: WP0 4.3: built wl_buffer (app obj 68) from resource 18 (1838x1184 fmt 0x34325258 offset 0 stride 7352 modifier 0x0)
rayland-s: WP0 4.3: built wl_buffer (app obj 76) from resource 19 (1838x1184 fmt 0x34325258 offset 0 stride 7352 modifier 0x0)
rayland-s: WP0 4.3: built wl_buffer (app obj 78) from resource 20 (1838x1184 fmt 0x34325258 offset 0 stride 7352 modifier 0x0)
rayland-s: WP0 replay: capping child `wl_region` to v5 (the app asked for v6; S's `wl_compositor` is v5)
rayland-s: WP0 replay: capping child `wl_region` to v5 (the app asked for v6; S's `wl_compositor` is v5)
rayland-s: WP0 replay bound `zwp_linux_dmabuf_v1` v3 (app obj 80)
rayland-s: WP0 replay bound `wp_presentation` v2 (app obj 79)
rayland-s: WP0 replay bound `zwp_linux_dmabuf_v1` v3 (app obj 79)
rayland-s: WP0 replay bound `wp_presentation` v2 (app obj 80)
rayland-s: WP0 replay bound `zwp_linux_dmabuf_v1` v3 (app obj 80)
rayland-s: WP0 replay bound `wp_presentation` v2 (app obj 79)
rayland-s: WP0 replay bound `zwp_linux_dmabuf_v1` v3 (app obj 79)
rayland-s: WP0 replay bound `wp_presentation` v2 (app obj 80)
rayland-s: WP0 replay: capping child `wl_callback` to v5 (the app asked for v6; S's `wl_surface` is v5)
rayland-s: WP0 4.3: built wl_buffer (app obj 77) from resource 21 (2440x1686 fmt 0x34325258 offset 0 stride 9760 modifier 0x0)
rayland-s: WP0 4.3: built wl_buffer (app obj 57) from resource 22 (2440x1686 fmt 0x34325258 offset 0 stride 9760 modifier 0x0)
rayland-s: WP0 4.3: built wl_buffer (app obj 69) from resource 23 (2440x1686 fmt 0x34325258 offset 0 stride 9760 modifier 0x0)
rayland-s: WP0 4.3: built wl_buffer (app obj 65) from resource 24 (2440x1686 fmt 0x34325258 offset 0 stride 9760 modifier 0x0)
rayland-s: WP0 replay: capping child `wl_region` to v5 (the app asked for v6; S's `wl_compositor` is v5)
rayland-s: WP0 replay bound `zwp_linux_dmabuf_v1` v3 (app obj 83)
rayland-s: WP0 replay bound `wp_presentation` v2 (app obj 78)
rayland-s: WP0 replay bound `zwp_linux_dmabuf_v1` v3 (app obj 78)
rayland-s: WP0 replay bound `wp_presentation` v2 (app obj 83)
rayland-s: WP0 replay bound `zwp_linux_dmabuf_v1` v3 (app obj 83)
rayland-s: WP0 replay bound `wp_presentation` v2 (app obj 78)
rayland-s: WP0 replay bound `zwp_linux_dmabuf_v1` v3 (app obj 78)
rayland-s: WP0 replay bound `wp_presentation` v2 (app obj 83)
rayland-s: WP0 replay: capping child `wl_callback` to v5 (the app asked for v6; S's `wl_surface` is v5)
rayland-s: WP0 4.3: built wl_buffer (app obj 59) from resource 25 (2440x1686 fmt 0x34325258 offset 0 stride 9760 modifier 0x0)
rayland-s: WP0 4.3: built wl_buffer (app obj 62) from resource 26 (2440x1686 fmt 0x34325258 offset 0 stride 9760 modifier 0x0)
rayland-s: WP0 4.3: built wl_buffer (app obj 58) from resource 27 (2440x1686 fmt 0x34325258 offset 0 stride 9760 modifier 0x0)
rayland-s: WP0 4.3: built wl_buffer (app obj 80) from resource 28 (2440x1686 fmt 0x34325258 offset 0 stride 9760 modifier 0x0)
rayland-s: WP0 replay: capping child `wl_callback` to v5 (the app asked for v6; S's `wl_surface` is v5)
rayland-s: WP0 replay: capping child `wl_callback` to v5 (the app asked for v6; S's `wl_surface` is v5)
rayland-s: WP0 replay: capping child `wl_callback` to v5 (the app asked for v6; S's `wl_surface` is v5)
rayland-s: WP0 replay: capping child `wl_callback` to v5 (the app asked for v6; S's `wl_surface` is v5)
rayland-s: WP0 replay: capping child `wl_callback` to v5 (the app asked for v6; S's `wl_surface` is v5)
rayland-s: WP0 replay: capping child `wl_callback` to v5 (the app asked for v6; S's `wl_surface` is v5)
rayland-s: WP0 replay: capping child `wl_callback` to v5 (the app asked for v6; S's `wl_surface` is v5)
rayland-s: WP0 replay: capping child `wl_callback` to v5 (the app asked for v6; S's `wl_surface` is v5)
rayland-s: WP0 replay: capping child `wl_callback` to v5 (the app asked for v6; S's `wl_surface` is v5)
rayland-s: WP0 replay: capping child `wl_callback` to v5 (the app asked for v6; S's `wl_surface` is v5)
rayland-s: WP0 replay: capping child `wl_callback` to v5 (the app asked for v6; S's `wl_surface` is v5)
rayland-s: WP0 replay: capping child `wl_callback` to v5 (the app asked for v6; S's `wl_surface` is v5)
rayland-s: WP0 replay: capping child `wl_callback` to v5 (the app asked for v6; S's `wl_surface` is v5)
rayland-s: WP0 replay: capping child `wl_callback` to v5 (the app asked for v6; S's `wl_surface` is v5)
rayland-s: WP0 replay: capping child `wl_callback` to v5 (the app asked for v6; S's `wl_surface` is v5)
rayland-s: WP0 replay: capping child `wl_callback` to v5 (the app asked for v6; S's `wl_surface` is v5)
rayland-s: WP0 replay: capping child `wl_callback` to v5 (the app asked for v6; S's `wl_surface` is v5)
rayland-s: WP0 replay: capping child `wl_callback` to v5 (the app asked for v6; S's `wl_surface` is v5)
rayland-s: WP0 replay: capping child `wl_callback` to v5 (the app asked for v6; S's `wl_surface` is v5)
rayland-s: WP0 replay: capping child `wl_callback` to v5 (the app asked for v6; S's `wl_surface` is v5)
rayland-s: WP0 replay: capping child `wl_callback` to v5 (the app asked for v6; S's `wl_surface` is v5)
rayland-s: WP0 replay: capping child `wl_callback` to v5 (the app asked for v6; S's `wl_surface` is v5)
rayland-s: WP0 replay: capping child `wl_callback` to v5 (the app asked for v6; S's `wl_surface` is v5)
rayland-s: WP0 replay: capping child `wl_callback` to v5 (the app asked for v6; S's `wl_surface` is v5)
rayland-s: WP0 replay: capping child `wl_callback` to v5 (the app asked for v6; S's `wl_surface` is v5)
rayland-s: WP0 replay: capping child `wl_callback` to v5 (the app asked for v6; S's `wl_surface` is v5)
rayland-s: WP0 replay: capping child `wl_callback` to v5 (the app asked for v6; S's `wl_surface` is v5)
rayland-s: WP0 replay: capping child `wl_callback` to v5 (the app asked for v6; S's `wl_surface` is v5)
rayland-s: WP0 replay: capping child `wl_callback` to v5 (the app asked for v6; S's `wl_surface` is v5)
rayland-s: WP0 replay: capping child `wl_callback` to v5 (the app asked for v6; S's `wl_surface` is v5)
rayland-s: WP0 replay: capping child `wl_callback` to v5 (the app asked for v6; S's `wl_surface` is v5)
rayland-s: WP0 replay: capping child `wl_callback` to v5 (the app asked for v6; S's `wl_surface` is v5)
rayland-s: WP0 replay: capping child `wl_callback` to v5 (the app asked for v6; S's `wl_surface` is v5)
rayland-s: WP0 replay: capping child `wl_callback` to v5 (the app asked for v6; S's `wl_surface` is v5)
rayland-s: WP0 replay: capping child `wl_callback` to v5 (the app asked for v6; S's `wl_surface` is v5)
rayland-s: WP0 replay: capping child `wl_callback` to v5 (the app asked for v6; S's `wl_surface` is v5)
rayland-s: WP0 replay: capping child `wl_callback` to v5 (the app asked for v6; S's `wl_surface` is v5)
rayland-s: WP0 replay: capping child `wl_callback` to v5 (the app asked for v6; S's `wl_surface` is v5)
rayland-s: WP0 replay: capping child `wl_callback` to v5 (the app asked for v6; S's `wl_surface` is v5)
rayland-s: WP0 replay: capping child `wl_callback` to v5 (the app asked for v6; S's `wl_surface` is v5)
rayland-s: WP0 replay: capping child `wl_callback` to v5 (the app asked for v6; S's `wl_surface` is v5)
rayland-s: WP0 replay: capping child `wl_callback` to v5 (the app asked for v6; S's `wl_surface` is v5)
rayland-s: WP0 replay: capping child `wl_callback` to v5 (the app asked for v6; S's `wl_surface` is v5)
rayland-s: WP0 replay: capping child `wl_callback` to v5 (the app asked for v6; S's `wl_surface` is v5)
rayland-s: WP0 replay: capping child `wl_callback` to v5 (the app asked for v6; S's `wl_surface` is v5)
rayland-s: WP0 replay: capping child `wl_callback` to v5 (the app asked for v6; S's `wl_surface` is v5)
rayland-s: WP0 replay: capping child `wl_callback` to v5 (the app asked for v6; S's `wl_surface` is v5)
rayland-s: WP0 replay: capping child `wl_callback` to v5 (the app asked for v6; S's `wl_surface` is v5)
rayland-s: WP0 replay: capping child `wl_callback` to v5 (the app asked for v6; S's `wl_surface` is v5)
rayland-s: WP0 replay: capping child `wl_callback` to v5 (the app asked for v6; S's `wl_surface` is v5)
rayland-s: WP0 replay: capping child `wl_callback` to v5 (the app asked for v6; S's `wl_surface` is v5)
rayland-s: WP0 replay: capping child `wl_callback` to v5 (the app asked for v6; S's `wl_surface` is v5)
rayland-s: WP0 replay: capping child `wl_callback` to v5 (the app asked for v6; S's `wl_surface` is v5)
rayland-s: WP0 replay: capping child `wl_callback` to v5 (the app asked for v6; S's `wl_surface` is v5)
rayland-s: WP0 replay: capping child `wl_callback` to v5 (the app asked for v6; S's `wl_surface` is v5)
rayland-s: WP0 replay: capping child `wl_callback` to v5 (the app asked for v6; S's `wl_surface` is v5)
rayland-s: WP0 replay: capping child `wl_callback` to v5 (the app asked for v6; S's `wl_surface` is v5)
rayland-s: WP0 replay: capping child `wl_callback` to v5 (the app asked for v6; S's `wl_surface` is v5)
rayland-s: WP0 replay: capping child `wl_callback` to v5 (the app asked for v6; S's `wl_surface` is v5)
rayland-s: WP0 replay: capping child `wl_callback` to v5 (the app asked for v6; S's `wl_surface` is v5)
rayland-s: WP0 replay: capping child `wl_callback` to v5 (the app asked for v6; S's `wl_surface` is v5)
rayland-s: WP0 replay: capping child `wl_callback` to v5 (the app asked for v6; S's `wl_surface` is v5)
rayland-s: WP0 replay: capping child `wl_callback` to v5 (the app asked for v6; S's `wl_surface` is v5)
rayland-s: WP0 replay: capping child `wl_callback` to v5 (the app asked for v6; S's `wl_surface` is v5)
rayland-s: WP0 replay: capping child `wl_callback` to v5 (the app asked for v6; S's `wl_surface` is v5)
rayland-s: WP0 replay: capping child `wl_callback` to v5 (the app asked for v6; S's `wl_surface` is v5)
rayland-s: WP0 replay: capping child `wl_callback` to v5 (the app asked for v6; S's `wl_surface` is v5)
rayland-s: WP0 replay: capping child `wl_callback` to v5 (the app asked for v6; S's `wl_surface` is v5)
rayland-s: link from C ended: stream I/O failed while framing a relay message
rayland-s: session ended
rayland-s: no frame candidate (64x64 = 16384 bytes); nothing to present
rayland-s: live frame 64x64 — 72 distinct byte values
rayland-s: not presenting (RAYLAND_C1_NO_PRESENT is set). The relay itself is unaffected; the application on C has its pixels either way.
