rayland-c: Wayland proxy listening at /tmp/rl-wp0-wayland.sock; point the app at it with WAYLAND_DISPLAY
rayland-c: listening at /tmp/rl-wp0.sock, relaying to S at 192.168.1.150:9403
rayland-c: point Mesa at it with:
  VN_DEBUG=vtest VTEST_SOCKET_NAME=/tmp/rl-wp0.sock VK_ICD_FILENAMES=<...>/virtio_icd.x86_64.json <app>
[wp-proxy] proxy listening at /tmp/rl-wp0-wayland.sock
[wp-proxy] application connected: client InnerClientId { id: 0, serial: 1 }
rayland-c: Mesa connected
rayland-c: watching command ring res_id=1 buffer_size=131072
[wp-proxy] application connected: client InnerClientId { id: 1, serial: 2 }
[wp-proxy] application connected: client InnerClientId { id: 1, serial: 3 }
[wp-proxy] bound global wl_compositor v4 -> object 4; forwarding bind to S
[wp-proxy] bound global xdg_wm_base v1 -> object 5; forwarding bind to S
[wp-proxy] bound global wl_seat v1 -> object 6; forwarding bind to S
[wp-proxy] objects+ app_obj=3 wl_surface
[wp-proxy] forward obj 4 opcode 0 (1 args)
[wp-proxy] objects+ app_obj=7 xdg_surface
[wp-proxy] forward obj 5 opcode 2 (2 args)
[wp-proxy] objects+ app_obj=8 xdg_toplevel
[wp-proxy] forward obj 7 opcode 1 (1 args)
[wp-proxy] forward obj 8 opcode 2 (1 args)
[wp-proxy] forward obj 3 opcode 6 (0 args)
[wp-proxy] bound global zwp_linux_dmabuf_v1 v3 -> object 11; forwarding bind to S
[wp-proxy] advertised 2 LINEAR dmabuf format(s) to the app on object 11
[wp-event][C] delivered app_obj=6 wl_seat.capabilities args=1
[wp-event][C] delivered app_obj=8 xdg_toplevel.configure args=3
[wp-event][C] delivered app_obj=7 xdg_surface.configure args=1
[wp-proxy] forward obj 11 opcode 0 (0 args)
[wp-proxy] objects- app_obj=11 zwp_linux_dmabuf_v1 (was_known=true)
[wp-proxy] bound global zwp_linux_dmabuf_v1 v3 -> object 11; forwarding bind to S
[wp-proxy] advertised 2 LINEAR dmabuf format(s) to the app on object 11
[wp-proxy] forward obj 11 opcode 0 (0 args)
[wp-proxy] objects- app_obj=11 zwp_linux_dmabuf_v1 (was_known=true)
[wp-proxy] objects+ app_obj=12 wl_pointer
[wp-proxy] forward obj 6 opcode 0 (1 args)
[wp-proxy] objects+ app_obj=13 wl_keyboard
[wp-proxy] forward obj 6 opcode 1 (1 args)
[wp-proxy] forward obj 7 opcode 4 (1 args)
[wp-proxy] bound global zwp_linux_dmabuf_v1 v3 -> object 11; forwarding bind to S
[wp-proxy] advertised 2 LINEAR dmabuf format(s) to the app on object 11
[wp-proxy] forward obj 11 opcode 0 (0 args)
[wp-proxy] objects- app_obj=11 zwp_linux_dmabuf_v1 (was_known=true)
[wp-proxy] bound global zwp_linux_dmabuf_v1 v3 -> object 11; forwarding bind to S
[wp-proxy] advertised 2 LINEAR dmabuf format(s) to the app on object 11
[wp-proxy] forward obj 11 opcode 0 (0 args)
[wp-proxy] objects- app_obj=11 zwp_linux_dmabuf_v1 (was_known=true)
[wp-proxy] bound global zwp_linux_dmabuf_v1 v3 -> object 11; forwarding bind to S
[wp-proxy] advertised 2 LINEAR dmabuf format(s) to the app on object 11
[wp-proxy] forward obj 11 opcode 0 (0 args)
[wp-proxy] objects- app_obj=11 zwp_linux_dmabuf_v1 (was_known=true)
[wp-proxy] bound global zwp_linux_dmabuf_v1 v3 -> object 11; forwarding bind to S
[wp-proxy] advertised 2 LINEAR dmabuf format(s) to the app on object 11
[wp-proxy] objects+ app_obj=18 zwp_linux_buffer_params_v1
[wp-proxy] intercept create_params -> params 18
[wp-proxy] intercept params 18.add -> resource Some(7), modifier 0x0, offset 0, stride 2000 (fd dropped)
[wp-proxy] objects+ app_obj=19 wl_buffer
[wp-proxy] intercept params 18.create_immed -> buffer 19 = resource 7 (500x500 fmt 0x34325258 offset 0 stride 2000)
[wp-proxy] forward obj 18 opcode 0 (0 args)
[wp-proxy] objects- app_obj=18 zwp_linux_buffer_params_v1 (was_known=true)
[wp-proxy] objects+ app_obj=20 zwp_linux_buffer_params_v1
[wp-proxy] intercept create_params -> params 20
[wp-proxy] intercept params 20.add -> resource Some(8), modifier 0x0, offset 0, stride 2000 (fd dropped)
[wp-proxy] objects+ app_obj=21 wl_buffer
[wp-proxy] intercept params 20.create_immed -> buffer 21 = resource 8 (500x500 fmt 0x34325258 offset 0 stride 2000)
[wp-proxy] forward obj 20 opcode 0 (0 args)
[wp-proxy] objects- app_obj=20 zwp_linux_buffer_params_v1 (was_known=true)
[wp-proxy] objects+ app_obj=22 zwp_linux_buffer_params_v1
[wp-proxy] intercept create_params -> params 22
[wp-proxy] intercept params 22.add -> resource Some(9), modifier 0x0, offset 0, stride 2000 (fd dropped)
[wp-proxy] objects+ app_obj=23 wl_buffer
[wp-proxy] intercept params 22.create_immed -> buffer 23 = resource 9 (500x500 fmt 0x34325258 offset 0 stride 2000)
[wp-proxy] forward obj 22 opcode 0 (0 args)
[wp-proxy] objects- app_obj=22 zwp_linux_buffer_params_v1 (was_known=true)
[wp-proxy] objects+ app_obj=24 zwp_linux_buffer_params_v1
[wp-proxy] intercept create_params -> params 24
[wp-proxy] intercept params 24.add -> resource Some(10), modifier 0x0, offset 0, stride 2000 (fd dropped)
[wp-proxy] objects+ app_obj=25 wl_buffer
[wp-proxy] intercept params 24.create_immed -> buffer 25 = resource 10 (500x500 fmt 0x34325258 offset 0 stride 2000)
[wp-proxy] forward obj 24 opcode 0 (0 args)
[wp-proxy] objects- app_obj=24 zwp_linux_buffer_params_v1 (was_known=true)
[wp-proxy] forward obj 3 opcode 1 (3 args)
[wp-proxy] forward obj 3 opcode 9 (4 args)
[wp-proxy] objects+ app_obj=24 wl_callback
[wp-proxy] forward obj 3 opcode 3 (1 args)
[wp-proxy] forward obj 3 opcode 6 (0 args)
[wp-event][C] delivered app_obj=8 xdg_toplevel.configure args=3
[wp-event][C] delivered app_obj=7 xdg_surface.configure args=1
[wp-event][C] delivered app_obj=13 wl_keyboard.enter args=3
[wp-event][C] delivered app_obj=13 wl_keyboard.modifiers args=5
[wp-event][C] delivered app_obj=8 xdg_toplevel.configure args=3
[wp-event][C] delivered app_obj=7 xdg_surface.configure args=1
[wp-event][C] delivered app_obj=24 wl_callback.done args=1
[wp-event][C] delivered app_obj=13 wl_keyboard.leave args=2
[wp-event][C] delivered app_obj=8 xdg_toplevel.configure args=3
[wp-event][C] delivered app_obj=7 xdg_surface.configure args=1
[wp-proxy] forward obj 3 opcode 1 (3 args)
[wp-proxy] forward obj 3 opcode 9 (4 args)
[wp-proxy] objects+ app_obj=24 wl_callback
[wp-proxy] forward obj 3 opcode 3 (1 args)
[wp-proxy] forward obj 3 opcode 6 (0 args)
[wp-proxy] objects- app_obj=24 wl_callback (was_known=false)
[wp-event][C] delivered app_obj=19 wl_buffer.release args=0
[wp-proxy] forward obj 7 opcode 4 (1 args)
[wp-proxy] bound global zwp_linux_dmabuf_v1 v3 -> object 18; forwarding bind to S
[wp-proxy] advertised 2 LINEAR dmabuf format(s) to the app on object 18
[wp-proxy] forward obj 18 opcode 0 (0 args)
[wp-proxy] objects- app_obj=18 zwp_linux_dmabuf_v1 (was_known=true)
[wp-proxy] bound global zwp_linux_dmabuf_v1 v3 -> object 18; forwarding bind to S
[wp-proxy] advertised 2 LINEAR dmabuf format(s) to the app on object 18
[wp-event][C] delivered app_obj=24 wl_callback.done args=1
[wp-proxy] forward obj 18 opcode 0 (0 args)
[wp-proxy] objects- app_obj=18 zwp_linux_dmabuf_v1 (was_known=true)
[wp-proxy] objects+ app_obj=26 zwp_linux_buffer_params_v1
[wp-proxy] intercept create_params -> params 26
[wp-proxy] intercept params 26.add -> resource Some(11), modifier 0x0, offset 0, stride 2000 (fd dropped)
[wp-proxy] objects+ app_obj=27 wl_buffer
[wp-proxy] intercept params 26.create_immed -> buffer 27 = resource 11 (500x500 fmt 0x34325258 offset 0 stride 2000)
[wp-proxy] forward obj 26 opcode 0 (0 args)
[wp-proxy] objects- app_obj=26 zwp_linux_buffer_params_v1 (was_known=true)
[wp-proxy] objects+ app_obj=28 zwp_linux_buffer_params_v1
[wp-proxy] intercept create_params -> params 28
[wp-proxy] intercept params 28.add -> resource Some(12), modifier 0x0, offset 0, stride 2000 (fd dropped)
[wp-proxy] objects+ app_obj=29 wl_buffer
[wp-proxy] intercept params 28.create_immed -> buffer 29 = resource 12 (500x500 fmt 0x34325258 offset 0 stride 2000)
[wp-proxy] forward obj 28 opcode 0 (0 args)
[wp-proxy] objects- app_obj=28 zwp_linux_buffer_params_v1 (was_known=true)
[wp-proxy] objects+ app_obj=30 zwp_linux_buffer_params_v1
[wp-proxy] intercept create_params -> params 30
[wp-proxy] intercept params 30.add -> resource Some(13), modifier 0x0, offset 0, stride 2000 (fd dropped)
[wp-proxy] objects+ app_obj=31 wl_buffer
[wp-proxy] intercept params 30.create_immed -> buffer 31 = resource 13 (500x500 fmt 0x34325258 offset 0 stride 2000)
[wp-proxy] forward obj 30 opcode 0 (0 args)
[wp-proxy] objects- app_obj=30 zwp_linux_buffer_params_v1 (was_known=true)
[wp-proxy] objects+ app_obj=32 zwp_linux_buffer_params_v1
[wp-proxy] intercept create_params -> params 32
[wp-proxy] intercept params 32.add -> resource Some(14), modifier 0x0, offset 0, stride 2000 (fd dropped)
[wp-proxy] objects+ app_obj=33 wl_buffer
[wp-proxy] intercept params 32.create_immed -> buffer 33 = resource 14 (500x500 fmt 0x34325258 offset 0 stride 2000)
[wp-proxy] forward obj 32 opcode 0 (0 args)
[wp-proxy] objects- app_obj=32 zwp_linux_buffer_params_v1 (was_known=true)
[wp-proxy] forward obj 3 opcode 1 (3 args)
[wp-proxy] forward obj 3 opcode 9 (4 args)
[wp-proxy] objects+ app_obj=24 wl_callback
[wp-proxy] forward obj 3 opcode 3 (1 args)
[wp-proxy] forward obj 3 opcode 6 (0 args)
[wp-proxy] objects- app_obj=24 wl_callback (was_known=false)
[wp-event][C] delivered app_obj=21 wl_buffer.release args=0
[wp-proxy] forward obj 19 opcode 0 (0 args)
[wp-proxy] objects- app_obj=19 wl_buffer (was_known=true)
[wp-proxy] forward obj 21 opcode 0 (0 args)
[wp-proxy] objects- app_obj=21 wl_buffer (was_known=true)
[wp-proxy] forward obj 23 opcode 0 (0 args)
[wp-proxy] objects- app_obj=23 wl_buffer (was_known=true)
[wp-proxy] forward obj 25 opcode 0 (0 args)
[wp-proxy] objects- app_obj=25 wl_buffer (was_known=true)
[wp-proxy] forward obj 7 opcode 4 (1 args)
[wp-proxy] bound global zwp_linux_dmabuf_v1 v3 -> object 25; forwarding bind to S
[wp-proxy] advertised 2 LINEAR dmabuf format(s) to the app on object 25
[wp-proxy] forward obj 25 opcode 0 (0 args)
[wp-proxy] objects- app_obj=25 zwp_linux_dmabuf_v1 (was_known=true)
[wp-proxy] bound global zwp_linux_dmabuf_v1 v3 -> object 25; forwarding bind to S
[wp-proxy] advertised 2 LINEAR dmabuf format(s) to the app on object 25
[wp-proxy] forward obj 25 opcode 0 (0 args)
[wp-proxy] objects- app_obj=25 zwp_linux_dmabuf_v1 (was_known=true)
[wp-proxy] objects+ app_obj=23 zwp_linux_buffer_params_v1
[wp-proxy] intercept create_params -> params 23
[wp-proxy] intercept params 23.add -> resource Some(15), modifier 0x0, offset 0, stride 2000 (fd dropped)
[wp-proxy] objects+ app_obj=21 wl_buffer
[wp-proxy] intercept params 23.create_immed -> buffer 21 = resource 15 (500x500 fmt 0x34325258 offset 0 stride 2000)
[wp-proxy] forward obj 23 opcode 0 (0 args)
[wp-proxy] objects- app_obj=23 zwp_linux_buffer_params_v1 (was_known=true)
[wp-proxy] objects+ app_obj=19 zwp_linux_buffer_params_v1
[wp-proxy] intercept create_params -> params 19
[wp-proxy] intercept params 19.add -> resource Some(16), modifier 0x0, offset 0, stride 2000 (fd dropped)
[wp-proxy] objects+ app_obj=32 wl_buffer
[wp-proxy] intercept params 19.create_immed -> buffer 32 = resource 16 (500x500 fmt 0x34325258 offset 0 stride 2000)
[wp-proxy] forward obj 19 opcode 0 (0 args)
[wp-proxy] objects- app_obj=19 zwp_linux_buffer_params_v1 (was_known=true)
[wp-proxy] objects+ app_obj=30 zwp_linux_buffer_params_v1
[wp-proxy] intercept create_params -> params 30
[wp-proxy] intercept params 30.add -> resource Some(17), modifier 0x0, offset 0, stride 2000 (fd dropped)
[wp-proxy] objects+ app_obj=28 wl_buffer
[wp-proxy] intercept params 30.create_immed -> buffer 28 = resource 17 (500x500 fmt 0x34325258 offset 0 stride 2000)
[wp-proxy] forward obj 30 opcode 0 (0 args)
[wp-proxy] objects- app_obj=30 zwp_linux_buffer_params_v1 (was_known=true)
[wp-proxy] objects+ app_obj=26 zwp_linux_buffer_params_v1
[wp-proxy] intercept create_params -> params 26
[wp-proxy] intercept params 26.add -> resource Some(18), modifier 0x0, offset 0, stride 2000 (fd dropped)
[wp-proxy] objects+ app_obj=18 wl_buffer
[wp-proxy] intercept params 26.create_immed -> buffer 18 = resource 18 (500x500 fmt 0x34325258 offset 0 stride 2000)
[wp-proxy] forward obj 26 opcode 0 (0 args)
[wp-proxy] objects- app_obj=26 zwp_linux_buffer_params_v1 (was_known=true)
[wp-proxy] forward obj 27 opcode 0 (0 args)
[wp-proxy] objects- app_obj=27 wl_buffer (was_known=true)
[wp-proxy] forward obj 29 opcode 0 (0 args)
[wp-proxy] objects- app_obj=29 wl_buffer (was_known=true)
[wp-proxy] forward obj 31 opcode 0 (0 args)
[wp-proxy] objects- app_obj=31 wl_buffer (was_known=true)
[wp-proxy] forward obj 33 opcode 0 (0 args)
[wp-proxy] objects- app_obj=33 wl_buffer (was_known=true)
[wp-proxy] forward obj 7 opcode 4 (1 args)
[wp-proxy] bound global zwp_linux_dmabuf_v1 v3 -> object 33; forwarding bind to S
[wp-proxy] advertised 2 LINEAR dmabuf format(s) to the app on object 33
[wp-proxy] forward obj 33 opcode 0 (0 args)
[wp-proxy] objects- app_obj=33 zwp_linux_dmabuf_v1 (was_known=true)
[wp-proxy] bound global zwp_linux_dmabuf_v1 v3 -> object 33; forwarding bind to S
[wp-proxy] advertised 2 LINEAR dmabuf format(s) to the app on object 33
[wp-event][C] delivered app_obj=24 wl_callback.done args=1
[wp-proxy] forward obj 33 opcode 0 (0 args)
[wp-proxy] objects- app_obj=33 zwp_linux_dmabuf_v1 (was_known=true)
[wp-proxy] objects+ app_obj=31 zwp_linux_buffer_params_v1
[wp-proxy] intercept create_params -> params 31
[wp-proxy] intercept params 31.add -> resource Some(19), modifier 0x0, offset 0, stride 2000 (fd dropped)
[wp-proxy] objects+ app_obj=29 wl_buffer
[wp-proxy] intercept params 31.create_immed -> buffer 29 = resource 19 (500x500 fmt 0x34325258 offset 0 stride 2000)
[wp-proxy] forward obj 31 opcode 0 (0 args)
[wp-proxy] objects- app_obj=31 zwp_linux_buffer_params_v1 (was_known=true)
[wp-proxy] objects+ app_obj=27 zwp_linux_buffer_params_v1
[wp-proxy] intercept create_params -> params 27
[wp-proxy] intercept params 27.add -> resource Some(20), modifier 0x0, offset 0, stride 2000 (fd dropped)
[wp-proxy] objects+ app_obj=26 wl_buffer
[wp-proxy] intercept params 27.create_immed -> buffer 26 = resource 20 (500x500 fmt 0x34325258 offset 0 stride 2000)
[wp-proxy] forward obj 27 opcode 0 (0 args)
[wp-proxy] objects- app_obj=27 zwp_linux_buffer_params_v1 (was_known=true)
[wp-proxy] objects+ app_obj=30 zwp_linux_buffer_params_v1
[wp-proxy] intercept create_params -> params 30
[wp-proxy] intercept params 30.add -> resource Some(21), modifier 0x0, offset 0, stride 2000 (fd dropped)
[wp-proxy] objects+ app_obj=19 wl_buffer
[wp-proxy] intercept params 30.create_immed -> buffer 19 = resource 21 (500x500 fmt 0x34325258 offset 0 stride 2000)
[wp-proxy] forward obj 30 opcode 0 (0 args)
[wp-proxy] objects- app_obj=30 zwp_linux_buffer_params_v1 (was_known=true)
[wp-proxy] objects+ app_obj=23 zwp_linux_buffer_params_v1
[wp-proxy] intercept create_params -> params 23
[wp-proxy] intercept params 23.add -> resource Some(22), modifier 0x0, offset 0, stride 2000 (fd dropped)
[wp-proxy] objects+ app_obj=25 wl_buffer
[wp-proxy] intercept params 23.create_immed -> buffer 25 = resource 22 (500x500 fmt 0x34325258 offset 0 stride 2000)
[wp-proxy] forward obj 23 opcode 0 (0 args)
[wp-proxy] objects- app_obj=23 zwp_linux_buffer_params_v1 (was_known=true)
[wp-proxy] forward obj 21 opcode 0 (0 args)
[wp-proxy] objects- app_obj=21 wl_buffer (was_known=true)
[wp-proxy] forward obj 32 opcode 0 (0 args)
[wp-proxy] objects- app_obj=32 wl_buffer (was_known=true)
[wp-proxy] forward obj 28 opcode 0 (0 args)
[wp-proxy] objects- app_obj=28 wl_buffer (was_known=true)
[wp-proxy] forward obj 18 opcode 0 (0 args)
[wp-proxy] objects- app_obj=18 wl_buffer (was_known=true)
[wp-proxy] objects- app_obj=24 wl_callback (was_known=true)
[wp-proxy] forward obj 3 opcode 1 (3 args)
[wp-proxy] forward obj 3 opcode 9 (4 args)
[wp-proxy] objects+ app_obj=18 wl_callback
[wp-proxy] forward obj 3 opcode 3 (1 args)
[wp-proxy] forward obj 3 opcode 6 (0 args)
[wp-event][C] delivered app_obj=8 xdg_toplevel.configure args=3
[wp-event][C] delivered app_obj=7 xdg_surface.configure args=1
[wp-event][C] delivered app_obj=18 wl_callback.done args=1
[wp-proxy] forward obj 3 opcode 1 (3 args)
[wp-proxy] forward obj 3 opcode 9 (4 args)
[wp-proxy] objects+ app_obj=18 wl_callback
[wp-proxy] forward obj 3 opcode 3 (1 args)
[wp-proxy] forward obj 3 opcode 6 (0 args)
[wp-proxy] objects- app_obj=18 wl_callback (was_known=false)
[wp-proxy] forward obj 7 opcode 4 (1 args)
[wp-proxy] bound global zwp_linux_dmabuf_v1 v3 -> object 21; forwarding bind to S
[wp-proxy] advertised 2 LINEAR dmabuf format(s) to the app on object 21
[wp-proxy] forward obj 21 opcode 0 (0 args)
[wp-proxy] objects- app_obj=21 zwp_linux_dmabuf_v1 (was_known=true)
[wp-proxy] bound global zwp_linux_dmabuf_v1 v3 -> object 21; forwarding bind to S
[wp-proxy] advertised 2 LINEAR dmabuf format(s) to the app on object 21
[wp-event][C] delivered app_obj=18 wl_callback.done args=1
[wp-proxy] forward obj 21 opcode 0 (0 args)
[wp-proxy] objects- app_obj=21 zwp_linux_dmabuf_v1 (was_known=true)
[wp-proxy] objects+ app_obj=23 zwp_linux_buffer_params_v1
[wp-proxy] intercept create_params -> params 23
[wp-proxy] intercept params 23.add -> resource Some(23), modifier 0x0, offset 0, stride 2000 (fd dropped)
[wp-proxy] objects+ app_obj=30 wl_buffer
[wp-proxy] intercept params 23.create_immed -> buffer 30 = resource 23 (500x500 fmt 0x34325258 offset 0 stride 2000)
[wp-proxy] forward obj 23 opcode 0 (0 args)
[wp-proxy] objects- app_obj=23 zwp_linux_buffer_params_v1 (was_known=true)
[wp-proxy] objects+ app_obj=27 zwp_linux_buffer_params_v1
[wp-proxy] intercept create_params -> params 27
[wp-proxy] intercept params 27.add -> resource Some(24), modifier 0x0, offset 0, stride 2000 (fd dropped)
[wp-proxy] objects+ app_obj=31 wl_buffer
[wp-proxy] intercept params 27.create_immed -> buffer 31 = resource 24 (500x500 fmt 0x34325258 offset 0 stride 2000)
[wp-proxy] forward obj 27 opcode 0 (0 args)
[wp-proxy] objects- app_obj=27 zwp_linux_buffer_params_v1 (was_known=true)
[wp-proxy] objects+ app_obj=33 zwp_linux_buffer_params_v1
[wp-proxy] intercept create_params -> params 33
[wp-proxy] intercept params 33.add -> resource Some(25), modifier 0x0, offset 0, stride 2000 (fd dropped)
[wp-proxy] objects+ app_obj=24 wl_buffer
[wp-proxy] intercept params 33.create_immed -> buffer 24 = resource 25 (500x500 fmt 0x34325258 offset 0 stride 2000)
[wp-proxy] forward obj 33 opcode 0 (0 args)
[wp-proxy] objects- app_obj=33 zwp_linux_buffer_params_v1 (was_known=true)
[wp-proxy] objects+ app_obj=38 zwp_linux_buffer_params_v1
[wp-proxy] intercept create_params -> params 38
[wp-proxy] intercept params 38.add -> resource Some(26), modifier 0x0, offset 0, stride 2000 (fd dropped)
[wp-proxy] objects+ app_obj=39 wl_buffer
[wp-proxy] intercept params 38.create_immed -> buffer 39 = resource 26 (500x500 fmt 0x34325258 offset 0 stride 2000)
[wp-proxy] forward obj 38 opcode 0 (0 args)
[wp-proxy] objects- app_obj=38 zwp_linux_buffer_params_v1 (was_known=true)
[wp-proxy] forward obj 3 opcode 1 (3 args)
[wp-proxy] forward obj 3 opcode 9 (4 args)
[wp-proxy] objects+ app_obj=18 wl_callback
[wp-proxy] forward obj 3 opcode 3 (1 args)
[wp-proxy] forward obj 3 opcode 6 (0 args)
[wp-proxy] objects- app_obj=18 wl_callback (was_known=false)
[wp-proxy] forward obj 29 opcode 0 (0 args)
[wp-proxy] objects- app_obj=29 wl_buffer (was_known=true)
[wp-proxy] forward obj 26 opcode 0 (0 args)
[wp-proxy] objects- app_obj=26 wl_buffer (was_known=true)
[wp-proxy] forward obj 19 opcode 0 (0 args)
[wp-proxy] objects- app_obj=19 wl_buffer (was_known=true)
[wp-proxy] forward obj 25 opcode 0 (0 args)
[wp-proxy] objects- app_obj=25 wl_buffer (was_known=true)
[wp-proxy] forward obj 3 opcode 1 (3 args)
[wp-proxy] forward obj 3 opcode 9 (4 args)
[wp-proxy] objects+ app_obj=25 wl_callback
[wp-proxy] forward obj 3 opcode 3 (1 args)
[wp-proxy] forward obj 3 opcode 6 (0 args)
[wp-event][C] delivered app_obj=18 wl_callback.done args=1
[wp-event][C] delivered app_obj=25 wl_callback.done args=1
[wp-proxy] forward obj 3 opcode 1 (3 args)
[wp-proxy] forward obj 3 opcode 9 (4 args)
[wp-proxy] objects+ app_obj=25 wl_callback
[wp-proxy] forward obj 3 opcode 3 (1 args)
[wp-proxy] forward obj 3 opcode 6 (0 args)
[wp-proxy] objects- app_obj=18 wl_callback (was_known=true)
[wp-proxy] objects- app_obj=25 wl_callback (was_known=false)
[wp-event][C] delivered app_obj=25 wl_callback.done args=1
[wp-proxy] forward obj 3 opcode 1 (3 args)
[wp-proxy] forward obj 3 opcode 9 (4 args)
[wp-proxy] objects+ app_obj=25 wl_callback
[wp-proxy] forward obj 3 opcode 3 (1 args)
[wp-proxy] forward obj 3 opcode 6 (0 args)
[wp-proxy] objects- app_obj=25 wl_callback (was_known=false)
[wp-event][C] delivered app_obj=25 wl_callback.done args=1
