rayland-c: Wayland proxy listening at /tmp/rl-wp0-wayland.sock; point the app at it with WAYLAND_DISPLAY
rayland-c: listening at /tmp/rl-wp0.sock, relaying to S at 192.168.1.150:9403
rayland-c: point Mesa at it with:
  VN_DEBUG=vtest VTEST_SOCKET_NAME=/tmp/rl-wp0.sock VK_ICD_FILENAMES=<...>/virtio_icd.x86_64.json <app>
[wp-proxy] proxy listening at /tmp/rl-wp0-wayland.sock
[wp-proxy] application connected: client InnerClientId { id: 0, serial: 1 }
rayland-c: Mesa connected
rayland-c: watching command ring res_id=1 buffer_size=131072
[wp-proxy] application connected: client InnerClientId { id: 1, serial: 2 }
[wp-proxy] application connected: client InnerClientId { id: 1, serial: 3 }
[wp-proxy] bound global wl_compositor v4 -> object 4; forwarding bind to S
[wp-proxy] bound global xdg_wm_base v1 -> object 5; forwarding bind to S
[wp-proxy] bound global wl_seat v1 -> object 6; forwarding bind to S
[wp-proxy] objects+ app_obj=3 wl_surface
[wp-proxy] forward obj 4 opcode 0 (1 args)
[wp-proxy] objects+ app_obj=7 xdg_surface
[wp-proxy] forward obj 5 opcode 2 (2 args)
[wp-proxy] objects+ app_obj=8 xdg_toplevel
[wp-proxy] forward obj 7 opcode 1 (1 args)
[wp-proxy] forward obj 8 opcode 2 (1 args)
[wp-proxy] forward obj 3 opcode 6 (0 args)
[wp-proxy] bound global zwp_linux_dmabuf_v1 v3 -> object 11; forwarding bind to S
[wp-proxy] advertised 2 LINEAR dmabuf format(s) to the app on object 11
[wp-event][C] delivered app_obj=6 wl_seat.capabilities args=1
[wp-event][C] delivered app_obj=8 xdg_toplevel.configure args=3
[wp-event][C] delivered app_obj=7 xdg_surface.configure args=1
[wp-proxy] forward obj 11 opcode 0 (0 args)
[wp-proxy] objects- app_obj=11 zwp_linux_dmabuf_v1 (was_known=true)
[wp-proxy] bound global zwp_linux_dmabuf_v1 v3 -> object 11; forwarding bind to S
[wp-proxy] advertised 2 LINEAR dmabuf format(s) to the app on object 11
[wp-proxy] forward obj 11 opcode 0 (0 args)
[wp-proxy] objects- app_obj=11 zwp_linux_dmabuf_v1 (was_known=true)
[wp-proxy] objects+ app_obj=12 wl_pointer
[wp-proxy] forward obj 6 opcode 0 (1 args)
[wp-proxy] objects+ app_obj=13 wl_keyboard
[wp-proxy] forward obj 6 opcode 1 (1 args)
[wp-proxy] forward obj 7 opcode 4 (1 args)
[wp-proxy] bound global zwp_linux_dmabuf_v1 v3 -> object 11; forwarding bind to S
[wp-proxy] advertised 2 LINEAR dmabuf format(s) to the app on object 11
[wp-proxy] forward obj 11 opcode 0 (0 args)
[wp-proxy] objects- app_obj=11 zwp_linux_dmabuf_v1 (was_known=true)
[wp-proxy] bound global zwp_linux_dmabuf_v1 v3 -> object 11; forwarding bind to S
[wp-proxy] advertised 2 LINEAR dmabuf format(s) to the app on object 11
[wp-proxy] forward obj 11 opcode 0 (0 args)
[wp-proxy] objects- app_obj=11 zwp_linux_dmabuf_v1 (was_known=true)
[wp-proxy] bound global zwp_linux_dmabuf_v1 v3 -> object 11; forwarding bind to S
[wp-proxy] advertised 2 LINEAR dmabuf format(s) to the app on object 11
[wp-proxy] forward obj 11 opcode 0 (0 args)
[wp-proxy] objects- app_obj=11 zwp_linux_dmabuf_v1 (was_known=true)
[wp-proxy] bound global zwp_linux_dmabuf_v1 v3 -> object 11; forwarding bind to S
[wp-proxy] advertised 2 LINEAR dmabuf format(s) to the app on object 11
[wp-proxy] objects+ app_obj=18 zwp_linux_buffer_params_v1
[wp-proxy] intercept create_params -> params 18
[wp-proxy] intercept params 18.add -> resource Some(7), modifier 0x0, offset 0, stride 2000 (fd dropped)
[wp-proxy] objects+ app_obj=19 wl_buffer
[wp-proxy] intercept params 18.create_immed -> buffer 19 = resource 7 (500x500 fmt 0x34325258 offset 0 stride 2000)
[wp-proxy] forward obj 18 opcode 0 (0 args)
[wp-proxy] objects- app_obj=18 zwp_linux_buffer_params_v1 (was_known=true)
[wp-proxy] objects+ app_obj=20 zwp_linux_buffer_params_v1
[wp-proxy] intercept create_params -> params 20
[wp-proxy] intercept params 20.add -> resource Some(8), modifier 0x0, offset 0, stride 2000 (fd dropped)
[wp-proxy] objects+ app_obj=21 wl_buffer
[wp-proxy] intercept params 20.create_immed -> buffer 21 = resource 8 (500x500 fmt 0x34325258 offset 0 stride 2000)
[wp-proxy] forward obj 20 opcode 0 (0 args)
[wp-proxy] objects- app_obj=20 zwp_linux_buffer_params_v1 (was_known=true)
[wp-proxy] objects+ app_obj=22 zwp_linux_buffer_params_v1
[wp-proxy] intercept create_params -> params 22
[wp-proxy] intercept params 22.add -> resource Some(9), modifier 0x0, offset 0, stride 2000 (fd dropped)
[wp-proxy] objects+ app_obj=23 wl_buffer
[wp-proxy] intercept params 22.create_immed -> buffer 23 = resource 9 (500x500 fmt 0x34325258 offset 0 stride 2000)
[wp-proxy] forward obj 22 opcode 0 (0 args)
[wp-proxy] objects- app_obj=22 zwp_linux_buffer_params_v1 (was_known=true)
[wp-proxy] objects+ app_obj=24 zwp_linux_buffer_params_v1
[wp-proxy] intercept create_params -> params 24
[wp-proxy] intercept params 24.add -> resource Some(10), modifier 0x0, offset 0, stride 2000 (fd dropped)
[wp-proxy] objects+ app_obj=25 wl_buffer
[wp-proxy] intercept params 24.create_immed -> buffer 25 = resource 10 (500x500 fmt 0x34325258 offset 0 stride 2000)
[wp-proxy] forward obj 24 opcode 0 (0 args)
[wp-proxy] objects- app_obj=24 zwp_linux_buffer_params_v1 (was_known=true)
[wp-proxy] forward obj 3 opcode 1 (3 args)
[wp-proxy] forward obj 3 opcode 9 (4 args)
[wp-proxy] objects+ app_obj=24 wl_callback
[wp-proxy] forward obj 3 opcode 3 (1 args)
[wp-proxy] forward obj 3 opcode 6 (0 args)
[wp-event][C] delivered app_obj=8 xdg_toplevel.configure args=3
[wp-event][C] delivered app_obj=7 xdg_surface.configure args=1
[wp-event][C] delivered app_obj=13 wl_keyboard.enter args=3
[wp-event][C] delivered app_obj=13 wl_keyboard.modifiers args=5
[wp-event][C] delivered app_obj=8 xdg_toplevel.configure args=3
[wp-event][C] delivered app_obj=7 xdg_surface.configure args=1
[wp-event][C] delivered app_obj=13 wl_keyboard.leave args=2
[wp-event][C] delivered app_obj=8 xdg_toplevel.configure args=3
[wp-event][C] delivered app_obj=7 xdg_surface.configure args=1
